// Jest Snapshot v1, https://jestjs.io/docs/snapshot-testing

exports[`TodoItem Component sesuai snapshot 1`] = `
<DocumentFragment>
  <li
    class="flex justify-between items-center p-4 rounded-lg border border-gray-500 shadow-md bg-white"
  >
    <div
      class="flex items-center space-x-3 relative"
    >
      <input
        class="
            w-5 h-5 appearance-none rounded-full border border-black
            checked:bg-purple-800 checked:border-purple-800
            relative transition duration-200
            after:content-[''] checked:after:content-['âœ”']
            after:absolute after:top-[1px] after:left-[5px]
            checked:after:text-white checked:after:font-bold checked:after:text-sm
          "
        type="checkbox"
      />
      <span
        class=""
      >
        Belajar Testing
      </span>
    </div>
    <button
      class="text-black hover:text-gray-700 transition"
    >
      <svg
        aria-hidden="true"
        class="lucide lucide-trash2 lucide-trash-2"
        fill="none"
        height="20"
        stroke="currentColor"
        stroke-linecap="round"
        stroke-linejoin="round"
        stroke-width="2"
        viewBox="0 0 24 24"
        width="20"
        xmlns="http://www.w3.org/2000/svg"
      >
        <path
          d="M10 11v6"
        />
        <path
          d="M14 11v6"
        />
        <path
          d="M19 6v14a2 2 0 0 1-2 2H7a2 2 0 0 1-2-2V6"
        />
        <path
          d="M3 6h18"
        />
        <path
          d="M8 6V4a2 2 0 0 1 2-2h4a2 2 0 0 1 2 2v2"
        />
      </svg>
    </button>
  </li>
</DocumentFragment>
`;
